// @compilationMode:"infer"
function nonReactFn() {
  return {};
}