function TestComponent(t0) {
  "useÂ memo";
  const $ = _c(2);
  const { x } = t0;
  let t1;
  if ($[0] !== x) {
    t1 = <Button>{x}</Button>;
    $[0] = x;
    $[1] = t1;
  } else {
    t1 = $[1];
  }
  return t1;
}
