"use no memo";
export default function TestComponent({ x }) {
  return <Button>{x}</Button>;
}
