import { c as _c } from "react/compiler-runtime";
function Foo() {
  const $ = _c(2);
  let t0;
  if ($[0] === Symbol.for("react.memo_cache_sentinel")) {
    t0 = foo();
    $[0] = t0;
  } else {
    t0 = $[0];
  }
  const x = t0 as number;
  let t1;
  if ($[1] === Symbol.for("react.memo_cache_sentinel")) {
    t1 = <div>{x}</div>;
    $[1] = t1;
  } else {
    t1 = $[1];
  }
  return t1;
}